Archive member included to satisfy reference by file (symbol)

/opt/st/stm32cubeide_1.10.1/plugins/com.st.stm32cube.ide.mcu.externaltools.gnu-tools-for-stm32.10.3-2021.10.linux64_1.0.0.202111181127/tools/bin/../lib/gcc/arm-none-eabi/10.3.1/../../../../arm-none-eabi/lib/thumb/v7-m/nofp/libc_nano.a(lib_a-errno.o)
                              ./Core/Src/syscalls.o (__errno)
/opt/st/stm32cubeide_1.10.1/plugins/com.st.stm32cube.ide.mcu.externaltools.gnu-tools-for-stm32.10.3-2021.10.linux64_1.0.0.202111181127/tools/bin/../lib/gcc/arm-none-eabi/10.3.1/../../../../arm-none-eabi/lib/thumb/v7-m/nofp/libc_nano.a(lib_a-exit.o)
                              /opt/st/stm32cubeide_1.10.1/plugins/com.st.stm32cube.ide.mcu.externaltools.gnu-tools-for-stm32.10.3-2021.10.linux64_1.0.0.202111181127/tools/bin/../lib/gcc/arm-none-eabi/10.3.1/../../../../arm-none-eabi/lib/thumb/v7-m/nofp/crt0.o (exit)
/opt/st/stm32cubeide_1.10.1/plugins/com.st.stm32cube.ide.mcu.externaltools.gnu-tools-for-stm32.10.3-2021.10.linux64_1.0.0.202111181127/tools/bin/../lib/gcc/arm-none-eabi/10.3.1/../../../../arm-none-eabi/lib/thumb/v7-m/nofp/libc_nano.a(lib_a-impure.o)
                              /opt/st/stm32cubeide_1.10.1/plugins/com.st.stm32cube.ide.mcu.externaltools.gnu-tools-for-stm32.10.3-2021.10.linux64_1.0.0.202111181127/tools/bin/../lib/gcc/arm-none-eabi/10.3.1/../../../../arm-none-eabi/lib/thumb/v7-m/nofp/libc_nano.a(lib_a-exit.o) (_global_impure_ptr)
/opt/st/stm32cubeide_1.10.1/plugins/com.st.stm32cube.ide.mcu.externaltools.gnu-tools-for-stm32.10.3-2021.10.linux64_1.0.0.202111181127/tools/bin/../lib/gcc/arm-none-eabi/10.3.1/../../../../arm-none-eabi/lib/thumb/v7-m/nofp/libc_nano.a(lib_a-init.o)
                              /opt/st/stm32cubeide_1.10.1/plugins/com.st.stm32cube.ide.mcu.externaltools.gnu-tools-for-stm32.10.3-2021.10.linux64_1.0.0.202111181127/tools/bin/../lib/gcc/arm-none-eabi/10.3.1/../../../../arm-none-eabi/lib/thumb/v7-m/nofp/crt0.o (__libc_init_array)
/opt/st/stm32cubeide_1.10.1/plugins/com.st.stm32cube.ide.mcu.externaltools.gnu-tools-for-stm32.10.3-2021.10.linux64_1.0.0.202111181127/tools/bin/../lib/gcc/arm-none-eabi/10.3.1/../../../../arm-none-eabi/lib/thumb/v7-m/nofp/libc_nano.a(lib_a-memset.o)
                              /opt/st/stm32cubeide_1.10.1/plugins/com.st.stm32cube.ide.mcu.externaltools.gnu-tools-for-stm32.10.3-2021.10.linux64_1.0.0.202111181127/tools/bin/../lib/gcc/arm-none-eabi/10.3.1/../../../../arm-none-eabi/lib/thumb/v7-m/nofp/crt0.o (memset)
/opt/st/stm32cubeide_1.10.1/plugins/com.st.stm32cube.ide.mcu.externaltools.gnu-tools-for-stm32.10.3-2021.10.linux64_1.0.0.202111181127/tools/bin/../lib/gcc/arm-none-eabi/10.3.1/thumb/v7-m/nofp/libgcc.a(_arm_mulsf3.o)
                              ./Core/Src/rtc_uart.o (__aeabi_fmul)
/opt/st/stm32cubeide_1.10.1/plugins/com.st.stm32cube.ide.mcu.externaltools.gnu-tools-for-stm32.10.3-2021.10.linux64_1.0.0.202111181127/tools/bin/../lib/gcc/arm-none-eabi/10.3.1/thumb/v7-m/nofp/libgcc.a(_arm_addsubsf3.o)
                              ./Core/Src/rtc_uart.o (__aeabi_fsub)
/opt/st/stm32cubeide_1.10.1/plugins/com.st.stm32cube.ide.mcu.externaltools.gnu-tools-for-stm32.10.3-2021.10.linux64_1.0.0.202111181127/tools/bin/../lib/gcc/arm-none-eabi/10.3.1/thumb/v7-m/nofp/libgcc.a(_arm_fixunssfsi.o)
                              ./Core/Src/rtc_uart.o (__aeabi_f2uiz)

Discarded input sections

 .text          0x0000000000000000        0x0 /opt/st/stm32cubeide_1.10.1/plugins/com.st.stm32cube.ide.mcu.externaltools.gnu-tools-for-stm32.10.3-2021.10.linux64_1.0.0.202111181127/tools/bin/../lib/gcc/arm-none-eabi/10.3.1/thumb/v7-m/nofp/crti.o
 .data          0x0000000000000000        0x0 /opt/st/stm32cubeide_1.10.1/plugins/com.st.stm32cube.ide.mcu.externaltools.gnu-tools-for-stm32.10.3-2021.10.linux64_1.0.0.202111181127/tools/bin/../lib/gcc/arm-none-eabi/10.3.1/thumb/v7-m/nofp/crti.o
 .bss           0x0000000000000000        0x0 /opt/st/stm32cubeide_1.10.1/plugins/com.st.stm32cube.ide.mcu.externaltools.gnu-tools-for-stm32.10.3-2021.10.linux64_1.0.0.202111181127/tools/bin/../lib/gcc/arm-none-eabi/10.3.1/thumb/v7-m/nofp/crti.o
 .data          0x0000000000000000        0x4 /opt/st/stm32cubeide_1.10.1/plugins/com.st.stm32cube.ide.mcu.externaltools.gnu-tools-for-stm32.10.3-2021.10.linux64_1.0.0.202111181127/tools/bin/../lib/gcc/arm-none-eabi/10.3.1/thumb/v7-m/nofp/crtbegin.o
 .rodata        0x0000000000000000       0x24 /opt/st/stm32cubeide_1.10.1/plugins/com.st.stm32cube.ide.mcu.externaltools.gnu-tools-for-stm32.10.3-2021.10.linux64_1.0.0.202111181127/tools/bin/../lib/gcc/arm-none-eabi/10.3.1/thumb/v7-m/nofp/crtbegin.o
 .text          0x0000000000000000       0x7c /opt/st/stm32cubeide_1.10.1/plugins/com.st.stm32cube.ide.mcu.externaltools.gnu-tools-for-stm32.10.3-2021.10.linux64_1.0.0.202111181127/tools/bin/../lib/gcc/arm-none-eabi/10.3.1/../../../../arm-none-eabi/lib/thumb/v7-m/nofp/crt0.o
[...]
Memory Configuration

Name             Origin             Length             Attributes
RAM              0x0000000020000000 0x0000000000005000 xrw
FLASH            0x0000000008000000 0x0000000000010000 xr
*default*        0x0000000000000000 0xffffffffffffffff

Linker script and memory map

LOAD /opt/st/stm32cubeide_1.10.1/plugins/com.st.stm32cube.ide.mcu.externaltools.gnu-tools-for-stm32.10.3-2021.10.linux64_1.0.0.202111181127/tools/bin/../lib/gcc/arm-none-eabi/10.3.1/thumb/v7-m/nofp/crti.o
LOAD /opt/st/stm32cubeide_1.10.1/plugins/com.st.stm32cube.ide.mcu.externaltools.gnu-tools-for-stm32.10.3-2021.10.linux64_1.0.0.202111181127/tools/bin/../lib/gcc/arm-none-eabi/10.3.1/thumb/v7-m/nofp/crtbegin.o
LOAD /opt/st/stm32cubeide_1.10.1/plugins/com.st.stm32cube.ide.mcu.externaltools.gnu-tools-for-stm32.10.3-2021.10.linux64_1.0.0.202111181127/tools/bin/../lib/gcc/arm-none-eabi/10.3.1/../../../../arm-none-eabi/lib/thumb/v7-m/nofp/crt0.o
LOAD ./Core/Src/main.o
LOAD ./Core/Src/rtc.o
LOAD ./Core/Src/rtc_delay.o
LOAD ./Core/Src/rtc_uart.o
LOAD ./Core/Src/stm32f1xx_hal_msp.o
LOAD ./Core/Src/stm32f1xx_it.o
LOAD ./Core/Src/syscalls.o
LOAD ./Core/Src/sysmem.o
LOAD ./Core/Src/system_stm32f1xx.o
LOAD ./Core/Startup/startup_stm32f103c8tx.o
LOAD ./Drivers/STM32F1xx_HAL_Driver/Src/stm32f1xx_hal.o
LOAD ./Drivers/STM32F1xx_HAL_Driver/Src/stm32f1xx_hal_cortex.o
LOAD ./Drivers/STM32F1xx_HAL_Driver/Src/stm32f1xx_hal_dma.o
LOAD ./Drivers/STM32F1xx_HAL_Driver/Src/stm32f1xx_hal_exti.o
LOAD ./Drivers/STM32F1xx_HAL_Driver/Src/stm32f1xx_hal_flash.o
LOAD ./Drivers/STM32F1xx_HAL_Driver/Src/stm32f1xx_hal_flash_ex.o
LOAD ./Drivers/STM32F1xx_HAL_Driver/Src/stm32f1xx_hal_gpio.o
LOAD ./Drivers/STM32F1xx_HAL_Driver/Src/stm32f1xx_hal_gpio_ex.o
LOAD ./Drivers/STM32F1xx_HAL_Driver/Src/stm32f1xx_hal_pwr.o
LOAD ./Drivers/STM32F1xx_HAL_Driver/Src/stm32f1xx_hal_rcc.o
LOAD ./Drivers/STM32F1xx_HAL_Driver/Src/stm32f1xx_hal_rcc_ex.o
START GROUP
LOAD /opt/st/stm32cubeide_1.10.1/plugins/com.st.stm32cube.ide.mcu.externaltools.gnu-tools-for-stm32.10.3-2021.10.linux64_1.0.0.202111181127/tools/bin/../lib/gcc/arm-none-eabi/10.3.1/../../../../arm-none-eabi/lib/thumb/v7-m/nofp/libc_nano.a
LOAD /opt/st/stm32cubeide_1.10.1/plugins/com.st.stm32cube.ide.mcu.externaltools.gnu-tools-for-stm32.10.3-2021.10.linux64_1.0.0.202111181127/tools/bin/../lib/gcc/arm-none-eabi/10.3.1/../../../../arm-none-eabi/lib/thumb/v7-m/nofp/libm.a
END GROUP
START GROUP
LOAD /opt/st/stm32cubeide_1.10.1/plugins/com.st.stm32cube.ide.mcu.externaltools.gnu-tools-for-stm32.10.3-2021.10.linux64_1.0.0.202111181127/tools/bin/../lib/gcc/arm-none-eabi/10.3.1/thumb/v7-m/nofp/libgcc.a
LOAD /opt/st/stm32cubeide_1.10.1/plugins/com.st.stm32cube.ide.mcu.externaltools.gnu-tools-for-stm32.10.3-2021.10.linux64_1.0.0.202111181127/tools/bin/../lib/gcc/arm-none-eabi/10.3.1/../../../../arm-none-eabi/lib/thumb/v7-m/nofp/libc_nano.a
END GROUP
START GROUP
LOAD /opt/st/stm32cubeide_1.10.1/plugins/com.st.stm32cube.ide.mcu.externaltools.gnu-tools-for-stm32.10.3-2021.10.linux64_1.0.0.202111181127/tools/bin/../lib/gcc/arm-none-eabi/10.3.1/thumb/v7-m/nofp/libgcc.a
LOAD /opt/st/stm32cubeide_1.10.1/plugins/com.st.stm32cube.ide.mcu.externaltools.gnu-tools-for-stm32.10.3-2021.10.linux64_1.0.0.202111181127/tools/bin/../lib/gcc/arm-none-eabi/10.3.1/../../../../arm-none-eabi/lib/thumb/v7-m/nofp/libc_nano.a
LOAD /opt/st/stm32cubeide_1.10.1/plugins/com.st.stm32cube.ide.mcu.externaltools.gnu-tools-for-stm32.10.3-2021.10.linux64_1.0.0.202111181127/tools/bin/../lib/gcc/arm-none-eabi/10.3.1/../../../../arm-none-eabi/lib/thumb/v7-m/nofp/libnosys.a
END GROUP
START GROUP
LOAD /opt/st/stm32cubeide_1.10.1/plugins/com.st.stm32cube.ide.mcu.externaltools.gnu-tools-for-stm32.10.3-2021.10.linux64_1.0.0.202111181127/tools/bin/../lib/gcc/arm-none-eabi/10.3.1/thumb/v7-m/nofp/libgcc.a
LOAD /opt/st/stm32cubeide_1.10.1/plugins/com.st.stm32cube.ide.mcu.externaltools.gnu-tools-for-stm32.10.3-2021.10.linux64_1.0.0.202111181127/tools/bin/../lib/gcc/arm-none-eabi/10.3.1/../../../../arm-none-eabi/lib/thumb/v7-m/nofp/libc_nano.a
LOAD /opt/st/stm32cubeide_1.10.1/plugins/com.st.stm32cube.ide.mcu.externaltools.gnu-tools-for-stm32.10.3-2021.10.linux64_1.0.0.202111181127/tools/bin/../lib/gcc/arm-none-eabi/10.3.1/../../../../arm-none-eabi/lib/thumb/v7-m/nofp/libnosys.a
END GROUP
LOAD /opt/st/stm32cubeide_1.10.1/plugins/com.st.stm32cube.ide.mcu.externaltools.gnu-tools-for-stm32.10.3-2021.10.linux64_1.0.0.202111181127/tools/bin/../lib/gcc/arm-none-eabi/10.3.1/thumb/v7-m/nofp/crtend.o
LOAD /opt/st/stm32cubeide_1.10.1/plugins/com.st.stm32cube.ide.mcu.externaltools.gnu-tools-for-stm32.10.3-2021.10.linux64_1.0.0.202111181127/tools/bin/../lib/gcc/arm-none-eabi/10.3.1/thumb/v7-m/nofp/crtn.o
                0x0000000020005000                _estack = (ORIGIN (RAM) + LENGTH (RAM))
                0x0000000000000200                _Min_Heap_Size = 0x200
                0x0000000000000400                _Min_Stack_Size = 0x400

.isr_vector     0x0000000008000000      0x10c
                0x0000000008000000                . = ALIGN (0x4)
 *(.isr_vector)
 .isr_vector    0x0000000008000000      0x10c ./Core/Startup/startup_stm32f103c8tx.o
                0x0000000008000000                g_pfnVectors
                0x000000000800010c                . = ALIGN (0x4)

.text           0x000000000800010c     0x1768
                0x000000000800010c                . = ALIGN (0x4)
 *(.text)
 .text          0x000000000800010c       0x40 /opt/st/stm32cubeide_1.10.1/plugins/com.st.stm32cube.ide.mcu.externaltools.gnu-tools-for-stm32.10.3-2021.10.linux64_1.0.0.202111181127/tools/bin/../lib/gcc/arm-none-eabi/10.3.1/thumb/v7-m/nofp/crtbegin.o
 .text          0x000000000800014c      0x168 /opt/st/stm32cubeide_1.10.1/plugins/com.st.stm32cube.ide.mcu.externaltools.gnu-tools-for-stm32.10.3-2021.10.linux64_1.0.0.202111181127/tools/bin/../lib/gcc/arm-none-eabi/10.3.1/thumb/v7-m/nofp/libgcc.a(_arm_mulsf3.o)
                0x000000000800014c                __mulsf3
                0x000000000800014c                __aeabi_fmul
 .text          0x00000000080002b4      0x21c /opt/st/stm32cubeide_1.10.1/plugins/com.st.stm32cube.ide.mcu.externaltools.gnu-tools-for-stm32.10.3-2021.10.linux64_1.0.0.202111181127/tools/bin/../lib/gcc/arm-none-eabi/10.3.1/thumb/v7-m/nofp/libgcc.a(_arm_addsubsf3.o)
                0x00000000080002b4                __aeabi_frsub
                0x00000000080002bc                __subsf3
                0x00000000080002bc                __aeabi_fsub
                0x00000000080002c0                __aeabi_fadd
                0x00000000080002c0                __addsf3
                0x0000000008000420                __aeabi_ui2f
                0x0000000008000420                __floatunsisf
                0x0000000008000428                __aeabi_i2f
                0x0000000008000428                __floatsisf
                0x0000000008000444                __floatundisf
                0x0000000008000444                __aeabi_ul2f
                0x0000000008000454                __floatdisf
                0x0000000008000454                __aeabi_l2f
 .text          0x00000000080004d0       0x40 /opt/st/stm32cubeide_1.10.1/plugins/com.st.stm32cube.ide.mcu.externaltools.gnu-tools-for-stm32.10.3-2021.10.linux64_1.0.0.202111181127/tools/bin/../lib/gcc/arm-none-eabi/10.3.1/thumb/v7-m/nofp/libgcc.a(_arm_fixunssfsi.o)
                0x00000000080004d0                __aeabi_f2uiz
                0x00000000080004d0                __fixunssfsi
 *(.text*)
 .text.main     0x0000000008000510      0x114 ./Core/Src/main.o
                0x0000000008000510                main
 .text.SystemClock_Config
                0x0000000008000624       0x8a ./Core/Src/main.o
                0x0000000008000624                SystemClock_Config
 *fill*         0x00000000080006ae        0x2 
 .text.MX_GPIO_Init
                0x00000000080006b0       0x2c ./Core/Src/main.o
 .text.Error_Handler
                0x00000000080006dc        0xa ./Core/Src/main.o
                0x00000000080006dc                Error_Handler
 *fill*         0x00000000080006e6        0x2 
 .text.rtc_init
                0x00000000080006e8       0xe4 ./Core/Src/rtc.o
                0x00000000080006e8                rtc_init
 .text.rtc_wrtie
                0x00000000080007cc       0x84 ./Core/Src/rtc.o
                0x00000000080007cc                rtc_wrtie
 .text.rtc_read
                0x0000000008000850       0xa8 ./Core/Src/rtc.o
                0x0000000008000850                rtc_read
 .text.__NVIC_EnableIRQ
                0x00000000080008f8       0x38 ./Core/Src/rtc_delay.o
 .text.delay_ms
                0x0000000008000930       0x4c ./Core/Src/rtc_delay.o
                0x0000000008000930                delay_ms
 .text.TIM4_IRQHandler
                0x000000000800097c       0x2c ./Core/Src/rtc_delay.o
                0x000000000800097c                TIM4_IRQHandler
 .text.timer4_Init
                0x00000000080009a8       0x54 ./Core/Src/rtc_delay.o
                0x00000000080009a8                timer4_Init
 .text.__NVIC_EnableIRQ
                0x00000000080009fc       0x38 ./Core/Src/rtc_uart.o
 .text.uart_init
                0x0000000008000a34       0x94 ./Core/Src/rtc_uart.o
                0x0000000008000a34                uart_init
 .text.USART1_IRQHandler
                0x0000000008000ac8       0x30 ./Core/Src/rtc_uart.o
                0x0000000008000ac8                USART1_IRQHandler
 .text.uart_print
                0x0000000008000af8       0x30 ./Core/Src/rtc_uart.o
                0x0000000008000af8                uart_print
 .text.uart_printf
                0x0000000008000b28       0x2c ./Core/Src/rtc_uart.o
                0x0000000008000b28                uart_printf
 .text.uart_printn
                0x0000000008000b54      0x17c ./Core/Src/rtc_uart.o
                0x0000000008000b54                uart_printn
 .text.HAL_MspInit
                0x0000000008000cd0       0x44 ./Core/Src/stm32f1xx_hal_msp.o
                0x0000000008000cd0                HAL_MspInit
 .text.NMI_Handler
                0x0000000008000d14        0x6 ./Core/Src/stm32f1xx_it.o
                0x0000000008000d14                NMI_Handler
 .text.HardFault_Handler
                0x0000000008000d1a        0x6 ./Core/Src/stm32f1xx_it.o
                0x0000000008000d1a                HardFault_Handler
 .text.MemManage_Handler
                0x0000000008000d20        0x6 ./Core/Src/stm32f1xx_it.o
                0x0000000008000d20                MemManage_Handler
 .text.BusFault_Handler
                0x0000000008000d26        0x6 ./Core/Src/stm32f1xx_it.o
                0x0000000008000d26                BusFault_Handler
 .text.UsageFault_Handler
                0x0000000008000d2c        0x6 ./Core/Src/stm32f1xx_it.o
                0x0000000008000d2c                UsageFault_Handler
 .text.SVC_Handler
                0x0000000008000d32        0xc ./Core/Src/stm32f1xx_it.o
                0x0000000008000d32                SVC_Handler
 .text.DebugMon_Handler
                0x0000000008000d3e        0xc ./Core/Src/stm32f1xx_it.o
                0x0000000008000d3e                DebugMon_Handler
 .text.PendSV_Handler
                0x0000000008000d4a        0xc ./Core/Src/stm32f1xx_it.o
                0x0000000008000d4a                PendSV_Handler
 .text.SysTick_Handler
                0x0000000008000d56        0xc ./Core/Src/stm32f1xx_it.o
                0x0000000008000d56                SysTick_Handler
 .text.SystemInit
                0x0000000008000d62        0xc ./Core/Src/system_stm32f1xx.o
                0x0000000008000d62                SystemInit
 *fill*         0x0000000008000d6e        0x2 
 .text.Reset_Handler
                0x0000000008000d70       0x48 ./Core/Startup/startup_stm32f103c8tx.o
                0x0000000008000d70                Reset_Handler
 .text.Default_Handler
                0x0000000008000db8        0x2 ./Core/Startup/startup_stm32f103c8tx.o
                0x0000000008000db8                RTC_Alarm_IRQHandler
                0x0000000008000db8                EXTI2_IRQHandler
                0x0000000008000db8                TIM1_CC_IRQHandler
                0x0000000008000db8                PVD_IRQHandler
                0x0000000008000db8                EXTI3_IRQHandler
                0x0000000008000db8                EXTI0_IRQHandler
                0x0000000008000db8                I2C2_EV_IRQHandler
                0x0000000008000db8                ADC1_2_IRQHandler
                0x0000000008000db8                SPI1_IRQHandler
                0x0000000008000db8                TAMPER_IRQHandler
                0x0000000008000db8                DMA1_Channel4_IRQHandler
                0x0000000008000db8                USART3_IRQHandler
                0x0000000008000db8                RTC_IRQHandler
                0x0000000008000db8                DMA1_Channel7_IRQHandler
                0x0000000008000db8                CAN1_RX1_IRQHandler
                0x0000000008000db8                I2C1_EV_IRQHandler
                0x0000000008000db8                DMA1_Channel6_IRQHandler
                0x0000000008000db8                TIM3_IRQHandler
                0x0000000008000db8                RCC_IRQHandler
                0x0000000008000db8                TIM1_TRG_COM_IRQHandler
                0x0000000008000db8                DMA1_Channel1_IRQHandler
                0x0000000008000db8                Default_Handler
                0x0000000008000db8                EXTI15_10_IRQHandler
                0x0000000008000db8                EXTI9_5_IRQHandler
                0x0000000008000db8                SPI2_IRQHandler
                0x0000000008000db8                DMA1_Channel5_IRQHandler
                0x0000000008000db8                EXTI4_IRQHandler
                0x0000000008000db8                USB_LP_CAN1_RX0_IRQHandler
                0x0000000008000db8                USB_HP_CAN1_TX_IRQHandler
                0x0000000008000db8                DMA1_Channel3_IRQHandler
                0x0000000008000db8                TIM1_UP_IRQHandler
                0x0000000008000db8                WWDG_IRQHandler
                0x0000000008000db8                TIM2_IRQHandler
                0x0000000008000db8                TIM1_BRK_IRQHandler
                0x0000000008000db8                EXTI1_IRQHandler
                0x0000000008000db8                USART2_IRQHandler
                0x0000000008000db8                I2C2_ER_IRQHandler
                0x0000000008000db8                DMA1_Channel2_IRQHandler
                0x0000000008000db8                CAN1_SCE_IRQHandler
                0x0000000008000db8                FLASH_IRQHandler
                0x0000000008000db8                I2C1_ER_IRQHandler
                0x0000000008000db8                USBWakeUp_IRQHandler
 *fill*         0x0000000008000dba        0x2 
 .text.HAL_Init
                0x0000000008000dbc       0x2c ./Drivers/STM32F1xx_HAL_Driver/Src/stm32f1xx_hal.o
                0x0000000008000dbc                HAL_Init
 .text.HAL_InitTick
                0x0000000008000de8       0x60 ./Drivers/STM32F1xx_HAL_Driver/Src/stm32f1xx_hal.o
                0x0000000008000de8                HAL_InitTick
 .text.HAL_IncTick
                0x0000000008000e48       0x24 ./Drivers/STM32F1xx_HAL_Driver/Src/stm32f1xx_hal.o
                0x0000000008000e48                HAL_IncTick
 .text.HAL_GetTick
                0x0000000008000e6c       0x14 ./Drivers/STM32F1xx_HAL_Driver/Src/stm32f1xx_hal.o
                0x0000000008000e6c                HAL_GetTick
 .text.__NVIC_SetPriorityGrouping
                0x0000000008000e80       0x48 ./Drivers/STM32F1xx_HAL_Driver/Src/stm32f1xx_hal_cortex.o
 .text.__NVIC_GetPriorityGrouping
                0x0000000008000ec8       0x1c ./Drivers/STM32F1xx_HAL_Driver/Src/stm32f1xx_hal_cortex.o
 .text.__NVIC_SetPriority
                0x0000000008000ee4       0x54 ./Drivers/STM32F1xx_HAL_Driver/Src/stm32f1xx_hal_cortex.o
 .text.NVIC_EncodePriority
                0x0000000008000f38       0x64 ./Drivers/STM32F1xx_HAL_Driver/Src/stm32f1xx_hal_cortex.o
 .text.SysTick_Config
                0x0000000008000f9c       0x44 ./Drivers/STM32F1xx_HAL_Driver/Src/stm32f1xx_hal_cortex.o
 .text.HAL_NVIC_SetPriorityGrouping
                0x0000000008000fe0       0x16 ./Drivers/STM32F1xx_HAL_Driver/Src/stm32f1xx_hal_cortex.o
                0x0000000008000fe0                HAL_NVIC_SetPriorityGrouping
 .text.HAL_NVIC_SetPriority
                0x0000000008000ff6       0x38 ./Drivers/STM32F1xx_HAL_Driver/Src/stm32f1xx_hal_cortex.o
                0x0000000008000ff6                HAL_NVIC_SetPriority
 .text.HAL_SYSTICK_Config
                0x000000000800102e       0x18 ./Drivers/STM32F1xx_HAL_Driver/Src/stm32f1xx_hal_cortex.o
                0x000000000800102e                HAL_SYSTICK_Config
 *fill*         0x0000000008001046        0x2 
 .text.HAL_RCC_OscConfig
                0x0000000008001048      0x504 ./Drivers/STM32F1xx_HAL_Driver/Src/stm32f1xx_hal_rcc.o
                0x0000000008001048                HAL_RCC_OscConfig
 .text.HAL_RCC_ClockConfig
                0x000000000800154c      0x1d4 ./Drivers/STM32F1xx_HAL_Driver/Src/stm32f1xx_hal_rcc.o
                0x000000000800154c                HAL_RCC_ClockConfig
 .text.HAL_RCC_GetSysClockFreq
                0x0000000008001720       0xa8 ./Drivers/STM32F1xx_HAL_Driver/Src/stm32f1xx_hal_rcc.o
                0x0000000008001720                HAL_RCC_GetSysClockFreq
 .text.RCC_Delay
                0x00000000080017c8       0x3c ./Drivers/STM32F1xx_HAL_Driver/Src/stm32f1xx_hal_rcc.o
 .text.__libc_init_array
                0x0000000008001804       0x48 /opt/st/stm32cubeide_1.10.1/plugins/com.st.stm32cube.ide.mcu.externaltools.gnu-tools-for-stm32.10.3-2021.10.linux64_1.0.0.202111181127/tools/bin/../lib/gcc/arm-none-eabi/10.3.1/../../../../arm-none-eabi/lib/thumb/v7-m/nofp/libc_nano.a(lib_a-init.o)
                0x0000000008001804                __libc_init_array
 .text.memset   0x000000000800184c       0x10 /opt/st/stm32cubeide_1.10.1/plugins/com.st.stm32cube.ide.mcu.externaltools.gnu-tools-for-stm32.10.3-2021.10.linux64_1.0.0.202111181127/tools/bin/../lib/gcc/arm-none-eabi/10.3.1/../../../../arm-none-eabi/lib/thumb/v7-m/nofp/libc_nano.a(lib_a-memset.o)
                0x000000000800184c                memset
 *(.glue_7)
 .glue_7        0x000000000800185c        0x0 linker stubs
 *(.glue_7t)
 .glue_7t       0x000000000800185c        0x0 linker stubs
 *(.eh_frame)
 .eh_frame      0x000000000800185c        0x0 /opt/st/stm32cubeide_1.10.1/plugins/com.st.stm32cube.ide.mcu.externaltools.gnu-tools-for-stm32.10.3-2021.10.linux64_1.0.0.202111181127/tools/bin/../lib/gcc/arm-none-eabi/10.3.1/thumb/v7-m/nofp/crtbegin.o
 *(.init)
 .init          0x000000000800185c        0x4 /opt/st/stm32cubeide_1.10.1/plugins/com.st.stm32cube.ide.mcu.externaltools.gnu-tools-for-stm32.10.3-2021.10.linux64_1.0.0.202111181127/tools/bin/../lib/gcc/arm-none-eabi/10.3.1/thumb/v7-m/nofp/crti.o
                0x000000000800185c                _init
 .init          0x0000000008001860        0x8 /opt/st/stm32cubeide_1.10.1/plugins/com.st.stm32cube.ide.mcu.externaltools.gnu-tools-for-stm32.10.3-2021.10.linux64_1.0.0.202111181127/tools/bin/../lib/gcc/arm-none-eabi/10.3.1/thumb/v7-m/nofp/crtn.o
 *(.fini)
 .fini          0x0000000008001868        0x4 /opt/st/stm32cubeide_1.10.1/plugins/com.st.stm32cube.ide.mcu.externaltools.gnu-tools-for-stm32.10.3-2021.10.linux64_1.0.0.202111181127/tools/bin/../lib/gcc/arm-none-eabi/10.3.1/thumb/v7-m/nofp/crti.o
                0x0000000008001868                _fini
 .fini          0x000000000800186c        0x8 /opt/st/stm32cubeide_1.10.1/plugins/com.st.stm32cube.ide.mcu.externaltools.gnu-tools-for-stm32.10.3-2021.10.linux64_1.0.0.202111181127/tools/bin/../lib/gcc/arm-none-eabi/10.3.1/thumb/v7-m/nofp/crtn.o
                0x0000000008001874                . = ALIGN (0x4)
                0x0000000008001874                _etext = .

.vfp11_veneer   0x0000000008001874        0x0
 .vfp11_veneer  0x0000000008001874        0x0 linker stubs

.v4_bx          0x0000000008001874        0x0
 .v4_bx         0x0000000008001874        0x0 linker stubs

.iplt           0x0000000008001874        0x0
 .iplt          0x0000000008001874        0x0 /opt/st/stm32cubeide_1.10.1/plugins/com.st.stm32cube.ide.mcu.externaltools.gnu-tools-for-stm32.10.3-2021.10.linux64_1.0.0.202111181127/tools/bin/../lib/gcc/arm-none-eabi/10.3.1/thumb/v7-m/nofp/crtbegin.o

.rodata         0x0000000008001874       0x54
                0x0000000008001874                . = ALIGN (0x4)
 *(.rodata)
 .rodata        0x0000000008001874       0x2f ./Core/Src/main.o
 *(.rodata*)
 *fill*         0x00000000080018a3        0x1 
 .rodata.AHBPrescTable
                0x00000000080018a4       0x10 ./Core/Src/system_stm32f1xx.o
                0x00000000080018a4                AHBPrescTable
 .rodata.aPLLMULFactorTable.1
                0x00000000080018b4       0x10 ./Drivers/STM32F1xx_HAL_Driver/Src/stm32f1xx_hal_rcc.o
 .rodata.aPredivFactorTable.0
                0x00000000080018c4        0x2 ./Drivers/STM32F1xx_HAL_Driver/Src/stm32f1xx_hal_rcc.o
                0x00000000080018c8                . = ALIGN (0x4)
 *fill*         0x00000000080018c6        0x2 

.rel.dyn        0x00000000080018c8        0x0
 .rel.iplt      0x00000000080018c8        0x0 /opt/st/stm32cubeide_1.10.1/plugins/com.st.stm32cube.ide.mcu.externaltools.gnu-tools-for-stm32.10.3-2021.10.linux64_1.0.0.202111181127/tools/bin/../lib/gcc/arm-none-eabi/10.3.1/thumb/v7-m/nofp/crtbegin.o

.ARM.extab      0x00000000080018c8        0x0
                0x00000000080018c8                . = ALIGN (0x4)
 *(.ARM.extab* .gnu.linkonce.armextab.*)
                0x00000000080018c8                . = ALIGN (0x4)

.ARM            0x00000000080018c8        0x0
                0x00000000080018c8                . = ALIGN (0x4)
                0x00000000080018c8                __exidx_start = .
 *(.ARM.exidx*)
                0x00000000080018c8                __exidx_end = .
                0x00000000080018c8                . = ALIGN (0x4)

.preinit_array  0x00000000080018c8        0x0
                0x00000000080018c8                . = ALIGN (0x4)
                0x00000000080018c8                PROVIDE (__preinit_array_start = .)
 *(.preinit_array*)
                0x00000000080018c8                PROVIDE (__preinit_array_end = .)
                0x00000000080018c8                . = ALIGN (0x4)

.init_array     0x00000000080018c8        0x4
                0x00000000080018c8                . = ALIGN (0x4)
                0x00000000080018c8                PROVIDE (__init_array_start = .)
 *(SORT_BY_NAME(.init_array.*))
 *(.init_array*)
 .init_array    0x00000000080018c8        0x4 /opt/st/stm32cubeide_1.10.1/plugins/com.st.stm32cube.ide.mcu.externaltools.gnu-tools-for-stm32.10.3-2021.10.linux64_1.0.0.202111181127/tools/bin/../lib/gcc/arm-none-eabi/10.3.1/thumb/v7-m/nofp/crtbegin.o
                0x00000000080018cc                PROVIDE (__init_array_end = .)
                0x00000000080018cc                . = ALIGN (0x4)

.fini_array     0x00000000080018cc        0x4
                0x00000000080018cc                . = ALIGN (0x4)
                [!provide]                        PROVIDE (__fini_array_start = .)
 *(SORT_BY_NAME(.fini_array.*))
 *(.fini_array*)
 .fini_array    0x00000000080018cc        0x4 /opt/st/stm32cubeide_1.10.1/plugins/com.st.stm32cube.ide.mcu.externaltools.gnu-tools-for-stm32.10.3-2021.10.linux64_1.0.0.202111181127/tools/bin/../lib/gcc/arm-none-eabi/10.3.1/thumb/v7-m/nofp/crtbegin.o
                [!provide]                        PROVIDE (__fini_array_end = .)
                0x00000000080018d0                . = ALIGN (0x4)
                0x00000000080018d0                _sidata = LOADADDR (.data)

.data           0x0000000020000000        0xc load address 0x00000000080018d0
                0x0000000020000000                . = ALIGN (0x4)
                0x0000000020000000                _sdata = .
 *(.data)
 *(.data*)
 .data.SystemCoreClock
                0x0000000020000000        0x4 ./Core/Src/system_stm32f1xx.o
                0x0000000020000000                SystemCoreClock
 .data.uwTickPrio
                0x0000000020000004        0x4 ./Drivers/STM32F1xx_HAL_Driver/Src/stm32f1xx_hal.o
                0x0000000020000004                uwTickPrio
 .data.uwTickFreq
                0x0000000020000008        0x1 ./Drivers/STM32F1xx_HAL_Driver/Src/stm32f1xx_hal.o
                0x0000000020000008                uwTickFreq
 *(.RamFunc)
 *(.RamFunc*)
                0x000000002000000c                . = ALIGN (0x4)
 *fill*         0x0000000020000009        0x3 
                0x000000002000000c                _edata = .

.igot.plt       0x000000002000000c        0x0 load address 0x00000000080018dc
 .igot.plt      0x000000002000000c        0x0 /opt/st/stm32cubeide_1.10.1/plugins/com.st.stm32cube.ide.mcu.externaltools.gnu-tools-for-stm32.10.3-2021.10.linux64_1.0.0.202111181127/tools/bin/../lib/gcc/arm-none-eabi/10.3.1/thumb/v7-m/nofp/crtbegin.o
                0x000000002000000c                . = ALIGN (0x4)

.bss            0x000000002000000c       0x2c load address 0x00000000080018dc
                0x000000002000000c                _sbss = .
                0x000000002000000c                __bss_start__ = _sbss
 *(.bss)
 .bss           0x000000002000000c       0x1c /opt/st/stm32cubeide_1.10.1/plugins/com.st.stm32cube.ide.mcu.externaltools.gnu-tools-for-stm32.10.3-2021.10.linux64_1.0.0.202111181127/tools/bin/../lib/gcc/arm-none-eabi/10.3.1/thumb/v7-m/nofp/crtbegin.o
 *(.bss*)
 .bss.hours     0x0000000020000028        0x1 ./Core/Src/main.o
                0x0000000020000028                hours
 .bss.minutes   0x0000000020000029        0x1 ./Core/Src/main.o
                0x0000000020000029                minutes
 .bss.seconds   0x000000002000002a        0x1 ./Core/Src/main.o
                0x000000002000002a                seconds
 *fill*         0x000000002000002b        0x1 
 .bss.timerTick
                0x000000002000002c        0x4 ./Core/Src/rtc_delay.o
                0x000000002000002c                timerTick
 .bss.temp_uart_data
                0x0000000020000030        0x1 ./Core/Src/rtc_uart.o
                0x0000000020000030                temp_uart_data
 *fill*         0x0000000020000031        0x3 
 .bss.uwTick    0x0000000020000034        0x4 ./Drivers/STM32F1xx_HAL_Driver/Src/stm32f1xx_hal.o
                0x0000000020000034                uwTick
 *(COMMON)
                0x0000000020000038                . = ALIGN (0x4)
                0x0000000020000038                _ebss = .
                0x0000000020000038                __bss_end__ = _ebss

._user_heap_stack
                0x0000000020000038      0x600 load address 0x00000000080018dc
                0x0000000020000038                . = ALIGN (0x8)
                [!provide]                        PROVIDE (end = .)
                0x0000000020000038                PROVIDE (_end = .)
                0x0000000020000238                . = (. + _Min_Heap_Size)
 *fill*         0x0000000020000038      0x200 
                0x0000000020000638                . = (. + _Min_Stack_Size)
 *fill*         0x0000000020000238      0x400 
                0x0000000020000638                . = ALIGN (0x8)

/DISCARD/
 libc.a(*)
 libm.a(*)
 libgcc.a(*)

.ARM.attributes
                0x0000000000000000       0x29
 *(.ARM.attributes)
 .ARM.attributes
                0x0000000000000000       0x1d /opt/st/stm32cubeide_1.10.1/plugins/com.st.stm32cube.ide.mcu.externaltools.gnu-tools-for-stm32.10.3-2021.10.linux64_1.0.0.202111181127/tools/bin/../lib/gcc/arm-none-eabi/10.3.1/thumb/v7-m/nofp/crti.o
 .ARM.attributes
                0x000000000000001d       0x2d /opt/st/stm32cubeide_1.10.1/plugins/com.st.stm32cube.ide.mcu.externaltools.gnu-tools-for-stm32.10.3-2021.10.linux64_1.0.0.202111181127/tools/bin/../lib/gcc/arm-none-eabi/10.3.1/thumb/v7-m/nofp/crtbegin.o
 .ARM.attributes
                0x000000000000004a       0x2d ./Core/Src/main.o
 .ARM.attributes
                0x0000000000000077       0x2d ./Core/Src/rtc.o
 .ARM.attributes
                0x00000000000000a4       0x2d ./Core/Src/rtc_delay.o
 .ARM.attributes
                0x00000000000000d1       0x2d ./Core/Src/rtc_uart.o
 .ARM.attributes
                0x00000000000000fe       0x2d ./Core/Src/stm32f1xx_hal_msp.o
 .ARM.attributes
                0x000000000000012b       0x2d ./Core/Src/stm32f1xx_it.o
 .ARM.attributes
                0x0000000000000158       0x2d ./Core/Src/system_stm32f1xx.o
 .ARM.attributes
                0x0000000000000185       0x21 ./Core/Startup/startup_stm32f103c8tx.o
 .ARM.attributes
                0x00000000000001a6       0x2d ./Drivers/STM32F1xx_HAL_Driver/Src/stm32f1xx_hal.o
 .ARM.attributes
                0x00000000000001d3       0x2d ./Drivers/STM32F1xx_HAL_Driver/Src/stm32f1xx_hal_cortex.o
 .ARM.attributes
                0x0000000000000200       0x2d ./Drivers/STM32F1xx_HAL_Driver/Src/stm32f1xx_hal_rcc.o
 .ARM.attributes
                0x000000000000022d       0x2d /opt/st/stm32cubeide_1.10.1/plugins/com.st.stm32cube.ide.mcu.externaltools.gnu-tools-for-stm32.10.3-2021.10.linux64_1.0.0.202111181127/tools/bin/../lib/gcc/arm-none-eabi/10.3.1/../../../../arm-none-eabi/lib/thumb/v7-m/nofp/libc_nano.a(lib_a-init.o)
 .ARM.attributes
                0x000000000000025a       0x2d /opt/st/stm32cubeide_1.10.1/plugins/com.st.stm32cube.ide.mcu.externaltools.gnu-tools-for-stm32.10.3-2021.10.linux64_1.0.0.202111181127/tools/bin/../lib/gcc/arm-none-eabi/10.3.1/../../../../arm-none-eabi/lib/thumb/v7-m/nofp/libc_nano.a(lib_a-memset.o)
 .ARM.attributes
                0x0000000000000287       0x1d /opt/st/stm32cubeide_1.10.1/plugins/com.st.stm32cube.ide.mcu.externaltools.gnu-tools-for-stm32.10.3-2021.10.linux64_1.0.0.202111181127/tools/bin/../lib/gcc/arm-none-eabi/10.3.1/thumb/v7-m/nofp/libgcc.a(_arm_mulsf3.o)
 .ARM.attributes
                0x00000000000002a4       0x1d /opt/st/stm32cubeide_1.10.1/plugins/com.st.stm32cube.ide.mcu.externaltools.gnu-tools-for-stm32.10.3-2021.10.linux64_1.0.0.202111181127/tools/bin/../lib/gcc/arm-none-eabi/10.3.1/thumb/v7-m/nofp/libgcc.a(_arm_addsubsf3.o)
 .ARM.attributes
                0x00000000000002c1       0x1d /opt/st/stm32cubeide_1.10.1/plugins/com.st.stm32cube.ide.mcu.externaltools.gnu-tools-for-stm32.10.3-2021.10.linux64_1.0.0.202111181127/tools/bin/../lib/gcc/arm-none-eabi/10.3.1/thumb/v7-m/nofp/libgcc.a(_arm_fixunssfsi.o)
 .ARM.attributes
                0x00000000000002de       0x1d /opt/st/stm32cubeide_1.10.1/plugins/com.st.stm32cube.ide.mcu.externaltools.gnu-tools-for-stm32.10.3-2021.10.linux64_1.0.0.202111181127/tools/bin/../lib/gcc/arm-none-eabi/10.3.1/thumb/v7-m/nofp/crtn.o
OUTPUT(rtc_test.elf elf32-littlearm)
LOAD linker stubs
LOAD /opt/st/stm32cubeide_1.10.1/plugins/com.st.stm32cube.ide.mcu.externaltools.gnu-tools-for-stm32.10.3-2021.10.linux64_1.0.0.202111181127/tools/bin/../lib/gcc/arm-none-eabi/10.3.1/../../../../arm-none-eabi/lib/thumb/v7-m/nofp/libc.a
LOAD /opt/st/stm32cubeide_1.10.1/plugins/com.st.stm32cube.ide.mcu.externaltools.gnu-tools-for-stm32.10.3-2021.10.linux64_1.0.0.202111181127/tools/bin/../lib/gcc/arm-none-eabi/10.3.1/../../../../arm-none-eabi/lib/thumb/v7-m/nofp/libm.a
LOAD /opt/st/stm32cubeide_1.10.1/plugins/com.st.stm32cube.ide.mcu.externaltools.gnu-tools-for-stm32.10.3-2021.10.linux64_1.0.0.202111181127/tools/bin/../lib/gcc/arm-none-eabi/10.3.1/thumb/v7-m/nofp/libgcc.a

.debug_info     0x0000000000000000     0x3442
 .debug_info    0x0000000000000000      0x4e9 ./Core/Src/main.o
 .debug_info    0x00000000000004e9      0x2eb ./Core/Src/rtc.o
 .debug_info    0x00000000000007d4      0x5d8 ./Core/Src/rtc_delay.o
 .debug_info    0x0000000000000dac      0x6dc ./Core/Src/rtc_uart.o
 .debug_info    0x0000000000001488      0x180 ./Core/Src/stm32f1xx_hal_msp.o
 .debug_info    0x0000000000001608      0x122 ./Core/Src/stm32f1xx_it.o
 .debug_info    0x000000000000172a      0x23d ./Core/Src/system_stm32f1xx.o
 .debug_info    0x0000000000001967       0x22 ./Core/Startup/startup_stm32f103c8tx.o
 .debug_info    0x0000000000001989      0x734 ./Drivers/STM32F1xx_HAL_Driver/Src/stm32f1xx_hal.o
 .debug_info    0x00000000000020bd      0xb20 ./Drivers/STM32F1xx_HAL_Driver/Src/stm32f1xx_hal_cortex.o
 .debug_info    0x0000000000002bdd      0x865 ./Drivers/STM32F1xx_HAL_Driver/Src/stm32f1xx_hal_rcc.o

.debug_abbrev   0x0000000000000000     0x10a0
 .debug_abbrev  0x0000000000000000      0x204 ./Core/Src/main.o
 .debug_abbrev  0x0000000000000204       0xe4 ./Core/Src/rtc.o
 .debug_abbrev  0x00000000000002e8      0x191 ./Core/Src/rtc_delay.o
 .debug_abbrev  0x0000000000000479      0x214 ./Core/Src/rtc_uart.o
 .debug_abbrev  0x000000000000068d       0xc2 ./Core/Src/stm32f1xx_hal_msp.o
 .debug_abbrev  0x000000000000074f       0x74 ./Core/Src/stm32f1xx_it.o
 .debug_abbrev  0x00000000000007c3      0x13b ./Core/Src/system_stm32f1xx.o
 .debug_abbrev  0x00000000000008fe       0x12 ./Core/Startup/startup_stm32f103c8tx.o
 .debug_abbrev  0x0000000000000910      0x1fb ./Drivers/STM32F1xx_HAL_Driver/Src/stm32f1xx_hal.o
 .debug_abbrev  0x0000000000000b0b      0x2ed ./Drivers/STM32F1xx_HAL_Driver/Src/stm32f1xx_hal_cortex.o
 .debug_abbrev  0x0000000000000df8      0x2a8 ./Drivers/STM32F1xx_HAL_Driver/Src/stm32f1xx_hal_rcc.o

.debug_aranges  0x0000000000000000      0x430
 .debug_aranges
                0x0000000000000000       0x38 ./Core/Src/main.o
 .debug_aranges
                0x0000000000000038       0x30 ./Core/Src/rtc.o
 .debug_aranges
                0x0000000000000068       0x40 ./Core/Src/rtc_delay.o
 .debug_aranges
                0x00000000000000a8       0x48 ./Core/Src/rtc_uart.o
 .debug_aranges
                0x00000000000000f0       0x20 ./Core/Src/stm32f1xx_hal_msp.o
 .debug_aranges
                0x0000000000000110       0x60 ./Core/Src/stm32f1xx_it.o
 .debug_aranges
                0x0000000000000170       0x28 ./Core/Src/system_stm32f1xx.o
 .debug_aranges
                0x0000000000000198       0x28 ./Core/Startup/startup_stm32f103c8tx.o
 .debug_aranges
                0x00000000000001c0       0xe0 ./Drivers/STM32F1xx_HAL_Driver/Src/stm32f1xx_hal.o
 .debug_aranges
                0x00000000000002a0      0x100 ./Drivers/STM32F1xx_HAL_Driver/Src/stm32f1xx_hal_cortex.o
 .debug_aranges
                0x00000000000003a0       0x90 ./Drivers/STM32F1xx_HAL_Driver/Src/stm32f1xx_hal_rcc.o

.debug_ranges   0x0000000000000000      0x388
 .debug_ranges  0x0000000000000000       0x28 ./Core/Src/main.o
 .debug_ranges  0x0000000000000028       0x20 ./Core/Src/rtc.o
 .debug_ranges  0x0000000000000048       0x30 ./Core/Src/rtc_delay.o
 .debug_ranges  0x0000000000000078       0x38 ./Core/Src/rtc_uart.o
 .debug_ranges  0x00000000000000b0       0x10 ./Core/Src/stm32f1xx_hal_msp.o
 .debug_ranges  0x00000000000000c0       0x50 ./Core/Src/stm32f1xx_it.o
 .debug_ranges  0x0000000000000110       0x18 ./Core/Src/system_stm32f1xx.o
 .debug_ranges  0x0000000000000128       0x20 ./Core/Startup/startup_stm32f103c8tx.o
 .debug_ranges  0x0000000000000148       0xd0 ./Drivers/STM32F1xx_HAL_Driver/Src/stm32f1xx_hal.o
 .debug_ranges  0x0000000000000218       0xf0 ./Drivers/STM32F1xx_HAL_Driver/Src/stm32f1xx_hal_cortex.o
 .debug_ranges  0x0000000000000308       0x80 ./Drivers/STM32F1xx_HAL_Driver/Src/stm32f1xx_hal_rcc.o

.debug_macro    0x0000000000000000    0x16f24
 .debug_macro   0x0000000000000000      0x30f ./Core/Src/main.o
 .debug_macro   0x000000000000030f      0xa6c ./Core/Src/main.o
 .debug_macro   0x0000000000000d7b      0x20f ./Core/Src/main.o
 .debug_macro   0x0000000000000f8a       0x2e ./Core/Src/main.o
 .debug_macro   0x0000000000000fb8       0x22 ./Core/Src/main.o
 .debug_macro   0x0000000000000fda       0x22 ./Core/Src/main.o
 .debug_macro   0x0000000000000ffc       0x8e ./Core/Src/main.o
 .debug_macro   0x000000000000108a       0x51 ./Core/Src/main.o
 .debug_macro   0x00000000000010db      0x103 ./Core/Src/main.o
 .debug_macro   0x00000000000011de       0x6a ./Core/Src/main.o
 .debug_macro   0x0000000000001248      0x1df ./Core/Src/main.o
 .debug_macro   0x0000000000001427       0x1c ./Core/Src/main.o
 .debug_macro   0x0000000000001443       0x22 ./Core/Src/main.o
 .debug_macro   0x0000000000001465       0xbd ./Core/Src/main.o
 .debug_macro   0x0000000000001522      0xd23 ./Core/Src/main.o
 .debug_macro   0x0000000000002245     0xe09e ./Core/Src/main.o
 .debug_macro   0x00000000000102e3       0x6d ./Core/Src/main.o
 .debug_macro   0x0000000000010350     0x348d ./Core/Src/main.o
 .debug_macro   0x00000000000137dd      0x174 ./Core/Src/main.o
 .debug_macro   0x0000000000013951       0x5c ./Core/Src/main.o
 .debug_macro   0x00000000000139ad      0x5bc ./Core/Src/main.o
 .debug_macro   0x0000000000013f69      0x289 ./Core/Src/main.o
 .debug_macro   0x00000000000141f2      0x1cb ./Core/Src/main.o
 .debug_macro   0x00000000000143bd      0x114 ./Core/Src/main.o
 .debug_macro   0x00000000000144d1      0x1b2 ./Core/Src/main.o
 .debug_macro   0x0000000000014683       0x27 ./Core/Src/main.o
 .debug_macro   0x00000000000146aa      0x136 ./Core/Src/main.o
 .debug_macro   0x00000000000147e0      0x1bc ./Core/Src/main.o
 .debug_macro   0x000000000001499c       0x34 ./Core/Src/main.o
 .debug_macro   0x00000000000149d0       0x3c ./Core/Src/main.o
 .debug_macro   0x0000000000014a0c       0x57 ./Core/Src/main.o
 .debug_macro   0x0000000000014a63       0x87 ./Core/Src/main.o
 .debug_macro   0x0000000000014aea      0x240 ./Core/Src/main.o
 .debug_macro   0x0000000000014d2a      0x140 ./Core/Src/main.o
 .debug_macro   0x0000000000014e6a       0x83 ./Core/Src/main.o
 .debug_macro   0x0000000000014eed       0x52 ./Core/Src/main.o
 .debug_macro   0x0000000000014f3f       0x18 ./Core/Src/main.o
 .debug_macro   0x0000000000014f57       0x3c ./Core/Src/main.o
 .debug_macro   0x0000000000014f93       0x34 ./Core/Src/main.o
 .debug_macro   0x0000000000014fc7       0x16 ./Core/Src/main.o
 .debug_macro   0x0000000000014fdd       0x35 ./Core/Src/main.o
 .debug_macro   0x0000000000015012      0x341 ./Core/Src/main.o
 .debug_macro   0x0000000000015353       0x10 ./Core/Src/main.o
 .debug_macro   0x0000000000015363       0x16 ./Core/Src/main.o
 .debug_macro   0x0000000000015379       0x43 ./Core/Src/main.o
 .debug_macro   0x00000000000153bc       0x34 ./Core/Src/main.o
 .debug_macro   0x00000000000153f0       0x10 ./Core/Src/main.o
 .debug_macro   0x0000000000015400       0x58 ./Core/Src/main.o
 .debug_macro   0x0000000000015458       0x71 ./Core/Src/main.o
 .debug_macro   0x00000000000154c9       0x1c ./Core/Src/main.o
 .debug_macro   0x00000000000154e5      0x12a ./Core/Src/main.o
 .debug_macro   0x000000000001560f       0x10 ./Core/Src/main.o
 .debug_macro   0x000000000001561f       0x1c ./Core/Src/main.o
 .debug_macro   0x000000000001563b       0x52 ./Core/Src/main.o
 .debug_macro   0x000000000001568d       0x22 ./Core/Src/main.o
 .debug_macro   0x00000000000156af       0x10 ./Core/Src/main.o
 .debug_macro   0x00000000000156bf       0x52 ./Core/Src/main.o
 .debug_macro   0x0000000000015711       0xd5 ./Core/Src/main.o
 .debug_macro   0x00000000000157e6       0x1c ./Core/Src/main.o
 .debug_macro   0x0000000000015802       0x3d ./Core/Src/main.o
 .debug_macro   0x000000000001583f       0x16 ./Core/Src/main.o
 .debug_macro   0x0000000000015855      0x145 ./Core/Src/main.o
 .debug_macro   0x000000000001599a      0x315 ./Core/Src/rtc.o
 .debug_macro   0x0000000000015caf      0x2f1 ./Core/Src/rtc_delay.o
 .debug_macro   0x0000000000015fa0       0x4c ./Core/Src/rtc_delay.o
 .debug_macro   0x0000000000015fec       0x94 ./Core/Src/rtc_delay.o
 .debug_macro   0x0000000000016080       0x57 ./Core/Src/rtc_delay.o
 .debug_macro   0x00000000000160d7       0x97 ./Core/Src/rtc_delay.o
 .debug_macro   0x000000000001616e       0xfd ./Core/Src/rtc_delay.o
 .debug_macro   0x000000000001626b       0x56 ./Core/Src/rtc_delay.o
 .debug_macro   0x00000000000162c1      0x2f7 ./Core/Src/rtc_uart.o
 .debug_macro   0x00000000000165b8      0x18e ./Core/Src/stm32f1xx_hal_msp.o
 .debug_macro   0x0000000000016746      0x198 ./Core/Src/stm32f1xx_it.o
 .debug_macro   0x00000000000168de      0x184 ./Core/Src/system_stm32f1xx.o
 .debug_macro   0x0000000000016a62      0x1a8 ./Drivers/STM32F1xx_HAL_Driver/Src/stm32f1xx_hal.o
 .debug_macro   0x0000000000016c0a      0x184 ./Drivers/STM32F1xx_HAL_Driver/Src/stm32f1xx_hal_cortex.o
 .debug_macro   0x0000000000016d8e      0x196 ./Drivers/STM32F1xx_HAL_Driver/Src/stm32f1xx_hal_rcc.o

.debug_line     0x0000000000000000     0x5718
 .debug_line    0x0000000000000000      0x8ae ./Core/Src/main.o
 .debug_line    0x00000000000008ae      0x8eb ./Core/Src/rtc.o
 .debug_line    0x0000000000001199      0x89e ./Core/Src/rtc_delay.o
 .debug_line    0x0000000000001a37      0x909 ./Core/Src/rtc_uart.o
 .debug_line    0x0000000000002340      0x604 ./Core/Src/stm32f1xx_hal_msp.o
 .debug_line    0x0000000000002944      0x6c7 ./Core/Src/stm32f1xx_it.o
 .debug_line    0x000000000000300b      0x683 ./Core/Src/system_stm32f1xx.o
 .debug_line    0x000000000000368e       0x86 ./Core/Startup/startup_stm32f103c8tx.o
 .debug_line    0x0000000000003714      0x8b0 ./Drivers/STM32F1xx_HAL_Driver/Src/stm32f1xx_hal.o
 .debug_line    0x0000000000003fc4      0xa98 ./Drivers/STM32F1xx_HAL_Driver/Src/stm32f1xx_hal_cortex.o
 .debug_line    0x0000000000004a5c      0xcbc ./Drivers/STM32F1xx_HAL_Driver/Src/stm32f1xx_hal_rcc.o

.debug_str      0x0000000000000000    0x7f601
 .debug_str     0x0000000000000000    0x7e7ac ./Core/Src/main.o
                                      0x7eaf2 (size before relaxing)
 .debug_str     0x000000000007e7ac       0xcb ./Core/Src/rtc.o
                                      0x7e965 (size before relaxing)
 .debug_str     0x000000000007e877      0x322 ./Core/Src/rtc_delay.o
                                      0x7ec6d (size before relaxing)
 .debug_str     0x000000000007eb99       0x76 ./Core/Src/rtc_uart.o
                                      0x7ecb2 (size before relaxing)
 .debug_str     0x000000000007ec0f       0x2c ./Core/Src/stm32f1xx_hal_msp.o
                                      0x7ab38 (size before relaxing)
 .debug_str     0x000000000007ec3b       0xc9 ./Core/Src/stm32f1xx_it.o
                                      0x7ab7b (size before relaxing)
 .debug_str     0x000000000007ed04       0x7e ./Core/Src/system_stm32f1xx.o
                                      0x7ab91 (size before relaxing)
 .debug_str     0x000000000007ed82       0x36 ./Core/Startup/startup_stm32f103c8tx.o
                                         0x71 (size before relaxing)
 .debug_str     0x000000000007edb8      0x3aa ./Drivers/STM32F1xx_HAL_Driver/Src/stm32f1xx_hal.o
                                      0x7b2c4 (size before relaxing)
 .debug_str     0x000000000007f162      0x258 ./Drivers/STM32F1xx_HAL_Driver/Src/stm32f1xx_hal_cortex.o
                                      0x7b210 (size before relaxing)
 .debug_str     0x000000000007f3ba      0x247 ./Drivers/STM32F1xx_HAL_Driver/Src/stm32f1xx_hal_rcc.o
                                      0x7afc0 (size before relaxing)

.comment        0x0000000000000000       0x50
 .comment       0x0000000000000000       0x50 ./Core/Src/main.o
                                         0x51 (size before relaxing)
 .comment       0x0000000000000050       0x51 ./Core/Src/rtc.o
 .comment       0x0000000000000050       0x51 ./Core/Src/rtc_delay.o
 .comment       0x0000000000000050       0x51 ./Core/Src/rtc_uart.o
 .comment       0x0000000000000050       0x51 ./Core/Src/stm32f1xx_hal_msp.o
 .comment       0x0000000000000050       0x51 ./Core/Src/stm32f1xx_it.o
 .comment       0x0000000000000050       0x51 ./Core/Src/system_stm32f1xx.o
 .comment       0x0000000000000050       0x51 ./Drivers/STM32F1xx_HAL_Driver/Src/stm32f1xx_hal.o
 .comment       0x0000000000000050       0x51 ./Drivers/STM32F1xx_HAL_Driver/Src/stm32f1xx_hal_cortex.o
 .comment       0x0000000000000050       0x51 ./Drivers/STM32F1xx_HAL_Driver/Src/stm32f1xx_hal_rcc.o

.debug_frame    0x0000000000000000      0xea0
 .debug_frame   0x0000000000000000       0x90 ./Core/Src/main.o
 .debug_frame   0x0000000000000090       0x80 ./Core/Src/rtc.o
 .debug_frame   0x0000000000000110       0xc4 ./Core/Src/rtc_delay.o
 .debug_frame   0x00000000000001d4       0xe4 ./Core/Src/rtc_uart.o
 .debug_frame   0x00000000000002b8       0x38 ./Core/Src/stm32f1xx_hal_msp.o
 .debug_frame   0x00000000000002f0      0x104 ./Core/Src/stm32f1xx_it.o
 .debug_frame   0x00000000000003f4       0x58 ./Core/Src/system_stm32f1xx.o
 .debug_frame   0x000000000000044c      0x334 ./Drivers/STM32F1xx_HAL_Driver/Src/stm32f1xx_hal.o
 .debug_frame   0x0000000000000780      0x428 ./Drivers/STM32F1xx_HAL_Driver/Src/stm32f1xx_hal_cortex.o
 .debug_frame   0x0000000000000ba8      0x218 ./Drivers/STM32F1xx_HAL_Driver/Src/stm32f1xx_hal_rcc.o
 .debug_frame   0x0000000000000dc0       0x2c /opt/st/stm32cubeide_1.10.1/plugins/com.st.stm32cube.ide.mcu.externaltools.gnu-tools-for-stm32.10.3-2021.10.linux64_1.0.0.202111181127/tools/bin/../lib/gcc/arm-none-eabi/10.3.1/../../../../arm-none-eabi/lib/thumb/v7-m/nofp/libc_nano.a(lib_a-init.o)
 .debug_frame   0x0000000000000dec       0x20 /opt/st/stm32cubeide_1.10.1/plugins/com.st.stm32cube.ide.mcu.externaltools.gnu-tools-for-stm32.10.3-2021.10.linux64_1.0.0.202111181127/tools/bin/../lib/gcc/arm-none-eabi/10.3.1/../../../../arm-none-eabi/lib/thumb/v7-m/nofp/libc_nano.a(lib_a-memset.o)
 .debug_frame   0x0000000000000e0c       0x24 /opt/st/stm32cubeide_1.10.1/plugins/com.st.stm32cube.ide.mcu.externaltools.gnu-tools-for-stm32.10.3-2021.10.linux64_1.0.0.202111181127/tools/bin/../lib/gcc/arm-none-eabi/10.3.1/thumb/v7-m/nofp/libgcc.a(_arm_mulsf3.o)
 .debug_frame   0x0000000000000e30       0x4c /opt/st/stm32cubeide_1.10.1/plugins/com.st.stm32cube.ide.mcu.externaltools.gnu-tools-for-stm32.10.3-2021.10.linux64_1.0.0.202111181127/tools/bin/../lib/gcc/arm-none-eabi/10.3.1/thumb/v7-m/nofp/libgcc.a(_arm_addsubsf3.o)
 .debug_frame   0x0000000000000e7c       0x24 /opt/st/stm32cubeide_1.10.1/plugins/com.st.stm32cube.ide.mcu.externaltools.gnu-tools-for-stm32.10.3-2021.10.linux64_1.0.0.202111181127/tools/bin/../lib/gcc/arm-none-eabi/10.3.1/thumb/v7-m/nofp/libgcc.a(_arm_fixunssfsi.o)
